// Jest Snapshot v1, https://goo.gl/fbAQLP

exports[`Result Card should render with default props 1`] = `ShallowWrapper {}`;
