// Jest Snapshot v1, https://goo.gl/fbAQLP

exports[`Results should render with default props 1`] = `ShallowWrapper {}`;
