// Jest Snapshot v1, https://goo.gl/fbAQLP

exports[`Search Bar should render with default props 1`] = `ShallowWrapper {}`;
